<!doctype html>
<html>
  <head>
    <style type="text/css">
      div.additional-license-text-list {display:block}
      body {font-family: Helvetica, Arial, sans-serif;}
      pre {white-space: pre-wrap;}
    </style>
    <title>Open Source Software Information</title>
  </head>


    
        <div class="oss-component" id="component_0">
			
			  <h2>Apache-2.0</h2>
			  
			  <pre>This is Apache</pre>
			
			  <h2>LGPL-3.0-or-later</h2>
			  
			  <pre>This is LGPL</pre>
			
		
        </div>
    

    <hr/>

    </body>
</html>
